◇ injected env (8) from .env // tip: ⌘ suppress logs { quiet: true }
[2026-07-06T04:53:28.431Z] [INFO] Server running on port 5000
MongoDB Connected Successfully
::1 - GET /api/districts HTTP/1.1 200 6944 - 95.060 ms
::1 - GET /api/content/landing HTTP/1.1 200 204 - 581.135 ms
::1 - GET /api/content/landing HTTP/1.1 304 - - 190.367 ms
::1 - POST /api/auth/login HTTP/1.1 200 336 - 473.581 ms
::1 - GET /api/districts HTTP/1.1 200 6944 - 35.313 ms
::1 - GET /api/notifications?limit=1 HTTP/1.1 200 52 - 392.330 ms
::1 - GET /api/districts HTTP/1.1 304 - - 44.282 ms
::1 - GET /api/areas HTTP/1.1 200 325803 - 541.937 ms
::1 - GET /api/areas HTTP/1.1 304 - - 320.288 ms
::ffff:127.0.0.1 - GET /api/notifications?limit=1 HTTP/1.1 304 - - 131.991 ms
::1 - GET /api/areas/pincode/621701 HTTP/1.1 200 818 - 124.639 ms
::1 - POST /api/history HTTP/1.1 201 276 - 209.323 ms
::ffff:127.0.0.1 - POST /api/history HTTP/1.1 201 276 - 20.686 ms
::ffff:127.0.0.1 - GET /api/areas/pincode/621701 HTTP/1.1 304 - - 24.931 ms
::1 - GET /api/areas/pincode/ HTTP/1.1 500 124 - 4.238 ms
::1 - POST /api/history HTTP/1.1 201 276 - 18.919 ms
::1 - GET /api/areas/pincode/621701 HTTP/1.1 304 - - 21.620 ms
::1 - GET /api/notifications?limit=1 HTTP/1.1 304 - - 162.182 ms
::1 - GET /api/areas HTTP/1.1 304 - - 195.290 ms
::1 - GET /api/notifications?limit=1 HTTP/1.1 304 - - 19.154 ms
::1 - GET /api/areas HTTP/1.1 304 - - 142.628 ms
::ffff:127.0.0.1 - GET /api/districts HTTP/1.1 304 - - 62.698 ms
::1 - GET /api/districts HTTP/1.1 304 - - 12.877 ms
::1 - POST /api/history HTTP/1.1 201 269 - 27.637 ms
::1 - GET /api/areas/pincode/621701 HTTP/1.1 304 - - 27.985 ms
::1 - GET /api/districts HTTP/1.1 304 - - 22.122 ms
::1 - GET /api/notifications?limit=1 HTTP/1.1 304 - - 221.585 ms
::1 - GET /api/areas HTTP/1.1 304 - - 278.254 ms
::1 - GET /api/districts HTTP/1.1 304 - - 77.755 ms
::1 - GET /api/notifications?limit=1 HTTP/1.1 304 - - 143.118 ms
::1 - GET /api/areas HTTP/1.1 304 - - 203.809 ms
::1 - POST /api/history HTTP/1.1 201 273 - 22.138 ms
::1 - GET /api/areas/pincode/621701 HTTP/1.1 304 - - 23.683 ms
::1 - POST /api/history HTTP/1.1 201 273 - 17.782 ms
::1 - GET /api/areas/pincode/603101 HTTP/1.1 200 892 - 16.458 ms
::1 - GET /api/areas/pincode/ HTTP/1.1 500 124 - 2.770 ms
::1 - GET /api/districts HTTP/1.1 304 - - 12.625 ms
::1 - GET /api/notifications?limit=1 HTTP/1.1 304 - - 126.782 ms
::1 - GET /api/areas HTTP/1.1 304 - - 162.747 ms
::1 - GET /api/districts HTTP/1.1 304 - - 57.898 ms
::1 - GET /api/notifications?limit=1 HTTP/1.1 304 - - 103.452 ms
::1 - GET /api/areas HTTP/1.1 304 - - 143.331 ms
::1 - GET /api/districts HTTP/1.1 304 - - 21.193 ms
::1 - GET /api/districts HTTP/1.1 304 - - 70.636 ms
::1 - GET /api/areas HTTP/1.1 304 - - 147.256 ms
::1 - GET /api/notifications?limit=1 HTTP/1.1 304 - - 147.126 ms
::1 - GET /api/areas HTTP/1.1 304 - - 135.270 ms
::1 - GET /api/notifications?limit=1 HTTP/1.1 304 - - 134.443 ms
::1 - GET /api/areas?search=6000&limit=5 HTTP/1.1 200 5009 - 68.046 ms
::ffff:127.0.0.1 - GET /api/areas/pincode/600002 HTTP/1.1 200 1031 - 19.223 ms
::1 - GET /api/districts HTTP/1.1 200 6944 - 11.746 ms
::1 - GET /api/areas?district=6a48efaf37435412d50d967b HTTP/1.1 200 8067 - 12.819 ms
::ffff:127.0.0.1 - GET /api/districts HTTP/1.1 200 6944 - 6.065 ms
::ffff:127.0.0.1 - GET /api/areas HTTP/1.1 200 325803 - 122.649 ms
::1 - GET /api/areas HTTP/1.1 200 325803 - 118.732 ms
::ffff:127.0.0.1 - GET /api/districts HTTP/1.1 304 - - 19.318 ms
::ffff:127.0.0.1 - GET /api/notifications?limit=1 HTTP/1.1 304 - - 169.033 ms
::ffff:127.0.0.1 - GET /api/areas HTTP/1.1 304 - - 201.334 ms
::1 - GET /api/districts HTTP/1.1 304 - - 57.376 ms
::1 - GET /api/notifications?limit=1 HTTP/1.1 304 - - 128.409 ms
::1 - GET /api/areas HTTP/1.1 304 - - 211.985 ms
::1 - GET /api/areas?district=6a48efaf37435412d50d967d&limit=500 HTTP/1.1 200 10730 - 17.781 ms
::1 - GET /api/areas?district=6a48efaf37435412d50d967d&limit=500 HTTP/1.1 304 - - 14.787 ms
::1 - GET /api/analytics/overview HTTP/1.1 200 1799 - 174.413 ms
::1 - GET /api/analytics/overview HTTP/1.1 304 - - 91.000 ms
::ffff:127.0.0.1 - GET /api/explorer/categories?district=6a48efaf37435412d50d967d HTTP/1.1 200 3557 - 45.722 ms
::ffff:127.0.0.1 - GET /api/explorer/categories?district=6a48efaf37435412d50d967d HTTP/1.1 304 - - 19.641 ms
::1 - GET /api/areas HTTP/1.1 200 325803 - 180.672 ms
::1 - GET /api/districts HTTP/1.1 304 - - 16.222 ms
::1 - GET /api/areas HTTP/1.1 304 - - 176.489 ms
::1 - GET /api/districts HTTP/1.1 304 - - 56.235 ms
::1 - GET /api/areas HTTP/1.1 304 - - 166.699 ms
::1 - GET /api/areas?search=6000&limit=5 HTTP/1.1 304 - - 16.635 ms
::1 - GET /api/areas?search=6000&limit=5 HTTP/1.1 304 - - 10.879 ms
::1 - GET /api/areas HTTP/1.1 200 325803 - 131.689 ms
::1 - GET /api/districts HTTP/1.1 304 - - 22.062 ms
::1 - GET /api/notifications?limit=1 HTTP/1.1 304 - - 174.470 ms
::1 - GET /api/areas HTTP/1.1 304 - - 212.780 ms
::1 - GET /api/districts HTTP/1.1 304 - - 68.666 ms
::1 - GET /api/notifications?limit=1 HTTP/1.1 304 - - 44.132 ms
::1 - GET /api/areas HTTP/1.1 304 - - 195.900 ms
::1 - GET /api/areas?search=62&limit=5 HTTP/1.1 200 4056 - 13.072 ms
::1 - GET /api/areas/pincode/621702 HTTP/1.1 200 812 - 14.104 ms
::1 - POST /api/history HTTP/1.1 201 273 - 59.272 ms
::1 - GET /api/areas/pincode/621702 HTTP/1.1 304 - - 51.814 ms
::1 - GET /api/areas/pincode/ HTTP/1.1 500 124 - 8.486 ms
::1 - GET /api/districts HTTP/1.1 304 - - 19.558 ms
::1 - GET /api/notifications?limit=1 HTTP/1.1 304 - - 153.833 ms
::1 - GET /api/areas HTTP/1.1 304 - - 201.166 ms
::1 - GET /api/districts HTTP/1.1 304 - - 70.884 ms
::1 - GET /api/notifications?limit=1 HTTP/1.1 304 - - 28.235 ms
::1 - GET /api/areas HTTP/1.1 304 - - 183.209 ms
::1 - GET /api/areas?search=65&limit=5 HTTP/1.1 200 824 - 13.187 ms
::1 - GET /api/areas/pincode/630565 HTTP/1.1 200 812 - 13.871 ms
::1 - GET /api/areas HTTP/1.1 200 325803 - 121.184 ms
::1 - GET /api/districts HTTP/1.1 304 - - 12.612 ms
::1 - GET /api/areas HTTP/1.1 304 - - 149.022 ms
::1 - GET /api/areas HTTP/1.1 200 325803 - 130.694 ms
::1 - GET /api/areas?search=600&limit=5 HTTP/1.1 200 5009 - 17.121 ms
::1 - GET /api/areas/pincode/600002 HTTP/1.1 304 - - 17.431 ms
::1 - GET /api/areas?district=6a48efaf37435412d50d967d&limit=500 HTTP/1.1 304 - - 32.446 ms
::1 - GET /api/explorer/categories?district=6a48efaf37435412d50d967d HTTP/1.1 304 - - 57.790 ms
::1 - GET /api/areas?district=6a48efaf37435412d50d967d&limit=500 HTTP/1.1 304 - - 44.959 ms
::1 - GET /api/explorer/categories?district=6a48efaf37435412d50d967d HTTP/1.1 304 - - 117.486 ms
::1 - GET /api/analytics/overview HTTP/1.1 304 - - 270.721 ms
::1 - GET /api/analytics/overview HTTP/1.1 304 - - 144.060 ms
::1 - GET /api/districts HTTP/1.1 304 - - 12.994 ms
::1 - GET /api/areas HTTP/1.1 304 - - 175.559 ms
::1 - GET /api/districts HTTP/1.1 304 - - 62.484 ms
::ffff:127.0.0.1 - GET /api/areas HTTP/1.1 304 - - 180.777 ms
::1 - GET /api/areas?district=6a48efaf37435412d50d967d&limit=500 HTTP/1.1 304 - - 21.673 ms
::1 - GET /api/explorer/categories?district=6a48efaf37435412d50d967d HTTP/1.1 304 - - 36.232 ms
::1 - GET /api/areas?district=6a48efaf37435412d50d967d&limit=500 HTTP/1.1 304 - - 64.712 ms
::1 - GET /api/explorer/categories?district=6a48efaf37435412d50d967d HTTP/1.1 304 - - 44.481 ms
::1 - GET /api/analytics/overview HTTP/1.1 304 - - 175.175 ms
::1 - GET /api/analytics/overview HTTP/1.1 304 - - 112.763 ms
::1 - GET /api/districts HTTP/1.1 304 - - 9.716 ms
::1 - GET /api/areas HTTP/1.1 304 - - 157.034 ms
::1 - GET /api/districts HTTP/1.1 304 - - 7.766 ms
::1 - GET /api/areas HTTP/1.1 304 - - 153.988 ms
::1 - GET /api/areas/pincode/600002 HTTP/1.1 304 - - 15.899 ms
::1 - GET /api/areas/pincode/600002 HTTP/1.1 304 - - 18.119 ms
::1 - GET /api/areas?district=6a48efaf37435412d50d967d&limit=500 HTTP/1.1 304 - - 20.351 ms
::1 - GET /api/explorer/categories?district=6a48efaf37435412d50d967d HTTP/1.1 304 - - 30.249 ms
::1 - GET /api/areas?district=6a48efaf37435412d50d967d&limit=500 HTTP/1.1 304 - - 15.205 ms
::1 - GET /api/explorer/categories?district=6a48efaf37435412d50d967d HTTP/1.1 304 - - 18.444 ms
::ffff:127.0.0.1 - GET /api/analytics/overview HTTP/1.1 304 - - 116.429 ms
::ffff:127.0.0.1 - GET /api/analytics/overview HTTP/1.1 304 - - 112.244 ms
::1 - GET /api/districts HTTP/1.1 304 - - 11.970 ms
::1 - GET /api/areas HTTP/1.1 304 - - 146.122 ms
::1 - GET /api/districts HTTP/1.1 304 - - 47.674 ms
::1 - GET /api/areas HTTP/1.1 304 - - 146.133 ms
::1 - GET /api/districts HTTP/1.1 304 - - 10.429 ms
::1 - GET /api/areas HTTP/1.1 304 - - 140.387 ms
::1 - GET /api/districts HTTP/1.1 304 - - 44.250 ms
::1 - GET /api/areas HTTP/1.1 304 - - 140.058 ms
::1 - GET /api/areas/pincode/603101 HTTP/1.1 200 892 - 9.283 ms
::1 - GET /api/areas/pincode/632001 HTTP/1.1 200 773 - 69.419 ms
::1 - GET /api/districts HTTP/1.1 304 - - 20.036 ms
::1 - GET /api/notifications?limit=1 HTTP/1.1 304 - - 207.901 ms
::1 - GET /api/areas HTTP/1.1 200 326553 - 278.444 ms
::1 - GET /api/districts HTTP/1.1 304 - - 95.114 ms
::1 - GET /api/notifications?limit=1 HTTP/1.1 304 - - 147.345 ms
::1 - GET /api/areas HTTP/1.1 304 - - 201.520 ms
::1 - POST /api/history HTTP/1.1 201 273 - 41.941 ms
::1 - GET /api/areas/pincode/603101 HTTP/1.1 304 - - 35.323 ms
::1 - GET /api/areas?district=6a48efaf37435412d50d967c&limit=500 HTTP/1.1 200 8729 - 28.617 ms
::1 - GET /api/explorer/categories?district=6a48efaf37435412d50d967c HTTP/1.1 200 3498 - 43.047 ms
::1 - GET /api/areas?district=6a48efaf37435412d50d967c&limit=500 HTTP/1.1 304 - - 44.156 ms
::1 - GET /api/explorer/categories?district=6a48efaf37435412d50d967c HTTP/1.1 304 - - 110.596 ms
::1 - GET /api/analytics/overview HTTP/1.1 200 1799 - 254.492 ms
::1 - GET /api/analytics/overview HTTP/1.1 304 - - 121.993 ms
::ffff:127.0.0.1 - GET /api/districts HTTP/1.1 304 - - 12.717 ms
::1 - GET /api/districts HTTP/1.1 304 - - 120.851 ms
::ffff:127.0.0.1 - GET /api/areas HTTP/1.1 304 - - 198.455 ms
::1 - GET /api/areas HTTP/1.1 304 - - 208.901 ms
::1 - GET /api/areas?district=6a48efaf37435412d50d967d&limit=500 HTTP/1.1 200 11480 - 24.822 ms
::1 - GET /api/explorer/categories?district=6a48efaf37435412d50d967d HTTP/1.1 200 3567 - 38.042 ms
::1 - GET /api/areas?district=6a48efaf37435412d50d967d&limit=500 HTTP/1.1 304 - - 26.385 ms
::1 - GET /api/explorer/categories?district=6a48efaf37435412d50d967d HTTP/1.1 304 - - 41.409 ms
::1 - GET /api/analytics/overview HTTP/1.1 304 - - 170.929 ms
::1 - GET /api/analytics/overview HTTP/1.1 304 - - 113.996 ms
::1 - GET /api/districts HTTP/1.1 304 - - 20.946 ms
::1 - GET /api/areas HTTP/1.1 304 - - 159.754 ms
::1 - GET /api/districts HTTP/1.1 304 - - 48.860 ms
::1 - GET /api/areas HTTP/1.1 304 - - 153.841 ms
::ffff:127.0.0.1 - GET /api/areas?search=600&limit=5 HTTP/1.1 304 - - 22.267 ms
::1 - GET /api/areas/pincode/600003 HTTP/1.1 200 1031 - 19.014 ms
::1 - GET /api/areas/pincode/600003 HTTP/1.1 304 - - 20.955 ms
::1 - GET /api/areas/pincode/600003 HTTP/1.1 304 - - 16.692 ms
::1 - GET /api/areas HTTP/1.1 304 - - 250.151 ms
::1 - GET /api/areas HTTP/1.1 304 - - 238.953 ms
::1 - GET /api/areas/pincode/600003 HTTP/1.1 304 - - 22.119 ms
::ffff:127.0.0.1 - GET /api/areas/pincode/600003 HTTP/1.1 304 - - 16.538 ms
::1 - GET /api/areas/pincode/600003 HTTP/1.1 304 - - 15.189 ms
::1 - GET /api/areas/pincode/600003 HTTP/1.1 304 - - 14.433 ms
::1 - GET /api/districts HTTP/1.1 304 - - 13.486 ms
::1 - GET /api/areas HTTP/1.1 304 - - 159.738 ms
::1 - GET /api/districts HTTP/1.1 304 - - 54.550 ms
::1 - GET /api/areas HTTP/1.1 304 - - 164.944 ms
::1 - GET /api/areas?district=6a48efaf37435412d50d967d&limit=500 HTTP/1.1 304 - - 31.658 ms
::1 - GET /api/explorer/categories?district=6a48efaf37435412d50d967d HTTP/1.1 304 - - 38.599 ms
::1 - GET /api/areas?district=6a48efaf37435412d50d967d&limit=500 HTTP/1.1 304 - - 29.263 ms
::1 - GET /api/analytics/overview HTTP/1.1 304 - - 179.833 ms
::ffff:127.0.0.1 - GET /api/analytics/overview HTTP/1.1 304 - - 110.524 ms
::1 - GET /api/areas HTTP/1.1 304 - - 150.434 ms
::1 - GET /api/areas HTTP/1.1 304 - - 179.532 ms
::1 - GET /api/districts HTTP/1.1 304 - - 17.252 ms
::1 - GET /api/content/about HTTP/1.1 200 762 - 35.827 ms
::1 - GET /api/areas HTTP/1.1 304 - - 172.552 ms
::1 - GET /api/districts HTTP/1.1 304 - - 54.807 ms
::1 - GET /api/content/about HTTP/1.1 304 - - 67.111 ms
::1 - GET /api/areas HTTP/1.1 304 - - 162.850 ms
::1 - GET /api/areas HTTP/1.1 304 - - 124.608 ms
::1 - GET /api/areas HTTP/1.1 304 - - 188.642 ms
::1 - GET /api/explorer/categories?sortBy=gap&district=6a48efaf37435412d50d967d HTTP/1.1 200 3567 - 19.409 ms
::1 - GET /api/explorer/categories?sortBy=gap&district=6a48efaf37435412d50d967d HTTP/1.1 304 - - 18.041 ms
::1 - GET /api/explorer/leaderboard?sortBy=opportunityScore&page=1&limit=15&district=6a48efaf37435412d50d967d HTTP/1.1 200 3109 - 26.098 ms
::1 - GET /api/explorer/leaderboard?sortBy=opportunityScore&page=1&limit=15&district=6a48efaf37435412d50d967d HTTP/1.1 304 - - 13.388 ms
::1 - GET /api/areas HTTP/1.1 304 - - 164.374 ms
::1 - GET /api/areas HTTP/1.1 304 - - 146.129 ms
::1 - GET /api/areas?district=6a48efaf37435412d50d967d&limit=500 HTTP/1.1 304 - - 21.105 ms
::1 - GET /api/explorer/categories?district=6a48efaf37435412d50d967d HTTP/1.1 200 3567 - 31.780 ms
::1 - GET /api/areas?district=6a48efaf37435412d50d967d&limit=500 HTTP/1.1 304 - - 51.017 ms
::ffff:127.0.0.1 - GET /api/explorer/categories?district=6a48efaf37435412d50d967d HTTP/1.1 304 - - 34.529 ms
::1 - GET /api/analytics/overview HTTP/1.1 304 - - 147.333 ms
::1 - GET /api/analytics/overview HTTP/1.1 304 - - 101.404 ms
::1 - GET /api/districts HTTP/1.1 304 - - 13.005 ms
::1 - GET /api/areas HTTP/1.1 304 - - 131.884 ms
::1 - GET /api/districts HTTP/1.1 304 - - 45.184 ms
::1 - GET /api/areas HTTP/1.1 304 - - 117.561 ms
::1 - GET /api/districts HTTP/1.1 304 - - 8.166 ms
::1 - GET /api/areas HTTP/1.1 304 - - 130.119 ms
::1 - GET /api/areas HTTP/1.1 200 326553 - 123.083 ms
::1 - GET /api/areas?search=67&limit=5 HTTP/1.1 200 4206 - 11.318 ms
::1 - GET /api/areas/pincode/636701 HTTP/1.1 200 819 - 19.069 ms
::1 - GET /api/areas?district=6a48efaf37435412d50d9680&limit=500 HTTP/1.1 200 8440 - 25.385 ms
::1 - GET /api/explorer/categories?district=6a48efaf37435412d50d9680 HTTP/1.1 200 3384 - 39.241 ms
::1 - GET /api/areas?district=6a48efaf37435412d50d9680&limit=500 HTTP/1.1 304 - - 20.941 ms
::1 - GET /api/explorer/categories?district=6a48efaf37435412d50d9680 HTTP/1.1 304 - - 61.850 ms
::1 - GET /api/analytics/overview HTTP/1.1 304 - - 157.615 ms
::1 - GET /api/analytics/overview HTTP/1.1 304 - - 155.058 ms
::1 - GET /api/districts HTTP/1.1 304 - - 9.554 ms
::1 - GET /api/areas HTTP/1.1 304 - - 144.795 ms
::1 - GET /api/districts HTTP/1.1 304 - - 6.688 ms
::1 - GET /api/areas HTTP/1.1 304 - - 156.574 ms
::1 - GET /api/content/landing HTTP/1.1 200 204 - 114.795 ms
::1 - GET /api/content/landing HTTP/1.1 304 - - 91.832 ms
::1 - POST /api/auth/login HTTP/1.1 200 336 - 347.024 ms
::1 - GET /api/districts HTTP/1.1 304 - - 17.544 ms
::1 - GET /api/notifications?limit=1 HTTP/1.1 304 - - 115.192 ms
::1 - GET /api/areas HTTP/1.1 304 - - 146.709 ms
::1 - GET /api/districts HTTP/1.1 304 - - 47.747 ms
::1 - GET /api/notifications?limit=1 HTTP/1.1 304 - - 92.277 ms
::1 - GET /api/areas HTTP/1.1 304 - - 124.751 ms
::1 - POST /api/history HTTP/1.1 201 271 - 29.804 ms
::1 - GET /api/areas/pincode/636701 HTTP/1.1 304 - - 32.127 ms
::1 - GET /api/content/landing HTTP/1.1 304 - - 139.499 ms
::1 - GET /api/content/landing HTTP/1.1 304 - - 110.528 ms
::1 - GET /api/content/landing HTTP/1.1 304 - - 116.088 ms
::1 - GET /api/content/landing HTTP/1.1 304 - - 107.364 ms
::1 - GET /api/content/landing HTTP/1.1 304 - - 130.210 ms
::1 - GET /api/content/landing HTTP/1.1 304 - - 96.376 ms
::1 - POST /api/auth/login HTTP/1.1 200 336 - 293.074 ms
::1 - GET /api/districts HTTP/1.1 304 - - 14.329 ms
::1 - GET /api/notifications?limit=1 HTTP/1.1 304 - - 32.960 ms
::1 - GET /api/districts HTTP/1.1 304 - - 6.995 ms
::ffff:127.0.0.1 - GET /api/areas HTTP/1.1 304 - - 154.384 ms
::1 - GET /api/notifications?limit=1 HTTP/1.1 304 - - 62.295 ms
::1 - GET /api/areas HTTP/1.1 304 - - 165.296 ms
::1 - GET /api/areas/pincode/603101 HTTP/1.1 200 892 - 9.103 ms
::1 - GET /api/districts HTTP/1.1 304 - - 15.805 ms
::1 - GET /api/notifications?limit=1 HTTP/1.1 304 - - 140.679 ms
::1 - GET /api/areas HTTP/1.1 304 - - 177.057 ms
::1 - GET /api/districts HTTP/1.1 304 - - 59.741 ms
::1 - GET /api/notifications?limit=1 HTTP/1.1 304 - - 131.509 ms
::1 - GET /api/areas HTTP/1.1 304 - - 171.311 ms
::1 - GET /api/content/landing HTTP/1.1 304 - - 98.563 ms
::1 - GET /api/content/landing HTTP/1.1 304 - - 90.968 ms
::ffff:127.0.0.1 - GET /api/content/landing HTTP/1.1 304 - - 244.734 ms
::1 - GET /api/content/landing HTTP/1.1 304 - - 150.216 ms
::1 - POST /api/auth/login HTTP/1.1 200 336 - 300.701 ms
::1 - GET /api/districts HTTP/1.1 304 - - 19.047 ms
::1 - GET /api/notifications?limit=1 HTTP/1.1 304 - - 156.207 ms
::1 - GET /api/areas HTTP/1.1 304 - - 204.722 ms
::1 - GET /api/districts HTTP/1.1 304 - - 72.607 ms
::1 - GET /api/notifications?limit=1 HTTP/1.1 304 - - 107.749 ms
::1 - GET /api/areas HTTP/1.1 304 - - 160.915 ms
::1 - GET /api/areas?search=63&limit=5 HTTP/1.1 200 4206 - 13.321 ms
::1 - GET /api/content/landing HTTP/1.1 304 - - 131.163 ms
::1 - GET /api/content/landing HTTP/1.1 304 - - 93.794 ms
::ffff:127.0.0.1 - GET /api/areas/pincode/63670 HTTP/1.1 200 989 - 40.243 ms
::1 - GET /api/areas/pincode/636701 HTTP/1.1 304 - - 7.026 ms
::1 - POST /api/auth/login HTTP/1.1 200 336 - 282.167 ms
::1 - GET /api/districts HTTP/1.1 304 - - 21.188 ms
::1 - GET /api/notifications?limit=1 HTTP/1.1 304 - - 156.396 ms
::1 - GET /api/areas HTTP/1.1 200 327519 - 207.941 ms
::1 - GET /api/districts HTTP/1.1 304 - - 68.894 ms
::1 - GET /api/notifications?limit=1 HTTP/1.1 304 - - 127.681 ms
::1 - GET /api/areas HTTP/1.1 304 - - 180.380 ms
::1 - GET /api/areas/pincode/603101 HTTP/1.1 200 892 - 12.543 ms
::1 - GET /api/districts HTTP/1.1 304 - - 19.066 ms
::1 - GET /api/notifications?limit=1 HTTP/1.1 304 - - 147.605 ms
::1 - GET /api/areas HTTP/1.1 304 - - 186.008 ms
::1 - GET /api/districts HTTP/1.1 304 - - 69.184 ms
::1 - GET /api/notifications?limit=1 HTTP/1.1 304 - - 126.674 ms
::1 - GET /api/areas HTTP/1.1 304 - - 203.748 ms
::ffff:127.0.0.1 - GET /api/content/landing HTTP/1.1 200 204 - 90.965 ms
::ffff:127.0.0.1 - GET /api/content/landing HTTP/1.1 304 - - 90.355 ms
::1 - GET /api/areas/pincode/60002 HTTP/1.1 200 772 - 26.542 ms
::ffff:127.0.0.1 - GET /api/areas/pincode/60000 HTTP/1.1 200 771 - 30.041 ms
::1 - GET /api/areas/pincode/600002 HTTP/1.1 304 - - 7.203 ms
::1 - POST /api/auth/login HTTP/1.1 200 336 - 286.227 ms
::1 - GET /api/districts HTTP/1.1 304 - - 16.720 ms
::1 - GET /api/notifications?limit=1 HTTP/1.1 304 - - 144.589 ms
::1 - GET /api/areas HTTP/1.1 200 329016 - 180.708 ms
::ffff:127.0.0.1 - GET /api/districts HTTP/1.1 304 - - 10.491 ms
::1 - GET /api/notifications?limit=1 HTTP/1.1 304 - - 16.071 ms
::1 - GET /api/areas HTTP/1.1 304 - - 210.150 ms
::1 - GET /api/districts HTTP/1.1 304 - - 17.102 ms
::1 - GET /api/notifications?limit=1 HTTP/1.1 304 - - 120.927 ms
::1 - GET /api/areas HTTP/1.1 304 - - 151.838 ms
::1 - GET /api/districts HTTP/1.1 304 - - 55.943 ms
::1 - GET /api/notifications?limit=1 HTTP/1.1 304 - - 110.152 ms
::1 - GET /api/areas HTTP/1.1 304 - - 167.604 ms
::1 - GET /api/districts HTTP/1.1 304 - - 21.500 ms
::1 - GET /api/areas/pincode/600002 HTTP/1.1 304 - - 57.038 ms
::1 - GET /api/areas HTTP/1.1 304 - - 249.740 ms
::1 - GET /api/districts HTTP/1.1 304 - - 96.136 ms
::1 - GET /api/areas/pincode/600002 HTTP/1.1 304 - - 52.694 ms
::1 - GET /api/areas HTTP/1.1 304 - - 223.173 ms
::1 - GET /api/areas/pincode/600002 HTTP/1.1 304 - - 19.362 ms
::1 - GET /api/areas/pincode/600002 HTTP/1.1 304 - - 16.657 ms
::1 - GET /api/districts HTTP/1.1 304 - - 12.045 ms
::1 - GET /api/areas HTTP/1.1 304 - - 180.848 ms
::1 - GET /api/districts HTTP/1.1 304 - - 67.567 ms
::1 - GET /api/areas HTTP/1.1 304 - - 163.654 ms
::1 - GET /api/content/landing HTTP/1.1 200 204 - 95.550 ms
::1 - GET /api/content/landing HTTP/1.1 304 - - 87.057 ms
::1 - GET /api/areas/pincode/60000 HTTP/1.1 304 - - 19.448 ms
::1 - POST /api/auth/login HTTP/1.1 200 336 - 337.113 ms
::1 - GET /api/notifications?limit=1 HTTP/1.1 304 - - 86.752 ms
::1 - GET /api/districts HTTP/1.1 304 - - 70.991 ms
::1 - GET /api/areas/pincode/60000 HTTP/1.1 304 - - 273.361 ms
::1 - GET /api/areas HTTP/1.1 304 - - 355.091 ms
::1 - GET /api/districts HTTP/1.1 304 - - 30.862 ms
::ffff:127.0.0.1 - GET /api/notifications?limit=1 HTTP/1.1 304 - - 68.774 ms
::1 - GET /api/areas/pincode/60000 HTTP/1.1 304 - - 199.023 ms
::1 - GET /api/areas HTTP/1.1 304 - - 298.789 ms
::1 - GET /api/areas/pincode/60000 HTTP/1.1 304 - - 18.474 ms
::ffff:127.0.0.1 - GET /api/areas/pincode/60000 HTTP/1.1 304 - - 15.329 ms
::1 - GET /api/districts HTTP/1.1 304 - - 17.993 ms
::1 - GET /api/areas HTTP/1.1 304 - - 163.753 ms
::1 - GET /api/districts HTTP/1.1 304 - - 48.211 ms
::1 - GET /api/areas HTTP/1.1 304 - - 150.354 ms
::1 - GET /api/areas/pincode/60000 HTTP/1.1 304 - - 18.435 ms
::1 - GET /api/areas/pincode/60000 HTTP/1.1 304 - - 13.149 ms
::1 - GET /api/areas/pincode/60000 HTTP/1.1 304 - - 21.419 ms
::1 - GET /api/areas/pincode/60000 HTTP/1.1 304 - - 16.351 ms
::1 - GET /api/districts HTTP/1.1 304 - - 12.775 ms
::1 - GET /api/areas HTTP/1.1 304 - - 166.862 ms
::1 - GET /api/districts HTTP/1.1 304 - - 58.646 ms
::1 - GET /api/areas HTTP/1.1 304 - - 129.664 ms
::1 - GET /api/content/landing HTTP/1.1 304 - - 266.848 ms
::1 - GET /api/content/landing HTTP/1.1 304 - - 172.793 ms
::1 - POST /api/auth/login HTTP/1.1 200 336 - 241.730 ms
::1 - GET /api/districts HTTP/1.1 304 - - 11.138 ms
::1 - GET /api/notifications?limit=1 HTTP/1.1 304 - - 80.524 ms
::1 - GET /api/areas HTTP/1.1 304 - - 113.926 ms
::1 - GET /api/districts HTTP/1.1 304 - - 11.224 ms
::1 - GET /api/notifications?limit=1 HTTP/1.1 304 - - 15.341 ms
::1 - GET /api/areas HTTP/1.1 304 - - 155.569 ms
::1 - GET /api/districts HTTP/1.1 304 - - 15.234 ms
::1 - GET /api/notifications?limit=1 HTTP/1.1 304 - - 110.465 ms
::1 - GET /api/areas HTTP/1.1 304 - - 142.782 ms
::1 - GET /api/districts HTTP/1.1 304 - - 52.691 ms
::1 - GET /api/areas HTTP/1.1 304 - - 165.728 ms
::ffff:127.0.0.1 - GET /api/notifications?limit=1 HTTP/1.1 304 - - 18.524 ms
::1 - GET /api/areas/district/6a48efaf37435412d50d967d HTTP/1.1 200 13943 - 118.756 ms
::1 - GET /api/explorer/categories HTTP/1.1 200 3608 - 205.839 ms
::1 - GET /api/areas/district/6a48efaf37435412d50d967d HTTP/1.1 304 - - 15.412 ms
::1 - GET /api/explorer/categories HTTP/1.1 304 - - 120.095 ms
::ffff:127.0.0.1 - GET /api/explorer/estimate?category=6a48efaf37435412d50d96ab&areaId=6a4b3ee7b6fc9d3124c2b7fb HTTP/1.1 200 468 - 88.854 ms
::1 - GET /api/districts HTTP/1.1 304 - - 9.600 ms
::1 - GET /api/districts HTTP/1.1 304 - - 91.671 ms
::1 - GET /api/areas HTTP/1.1 304 - - 175.731 ms
::1 - GET /api/areas HTTP/1.1 304 - - 137.315 ms
::1 - GET /api/districts HTTP/1.1 200 6944 - 48.025 ms
::1 - GET /api/content/landing HTTP/1.1 200 204 - 321.263 ms
::1 - GET /api/content/landing HTTP/1.1 304 - - 135.931 ms
::1 - POST /api/auth/login HTTP/1.1 200 336 - 239.329 ms
::1 - GET /api/districts HTTP/1.1 200 6944 - 13.903 ms
::1 - GET /api/notifications?limit=1 HTTP/1.1 200 52 - 159.173 ms
::1 - GET /api/areas HTTP/1.1 200 329016 - 211.696 ms
::1 - GET /api/districts HTTP/1.1 304 - - 69.073 ms
::1 - GET /api/notifications?limit=1 HTTP/1.1 304 - - 95.414 ms
::1 - GET /api/areas HTTP/1.1 304 - - 142.986 ms
::1 - GET /api/areas?search=621&limit=5 HTTP/1.1 200 4056 - 14.903 ms
::1 - GET /api/areas?search=6217&limit=5 HTTP/1.1 200 4056 - 9.088 ms
::1 - GET /api/areas?search=62170&limit=5 HTTP/1.1 200 4056 - 9.237 ms
::1 - GET /api/areas?search=621704&limit=5 HTTP/1.1 200 823 - 11.028 ms
::1 - GET /api/areas/pincode/621704 HTTP/1.1 200 811 - 16.763 ms
::1 - GET /api/explorer/categories?district=6a48efaf37435412d50d967b HTTP/1.1 200 3381 - 20.081 ms
::1 - GET /api/explorer/categories?district=6a48efaf37435412d50d967b HTTP/1.1 304 - - 207.026 ms
::ffff:127.0.0.1 - GET /api/areas?district=6a48efaf37435412d50d967b&limit=500 HTTP/1.1 200 8067 - 51.914 ms
::1 - GET /api/analytics/overview HTTP/1.1 200 1799 - 416.876 ms
::1 - GET /api/analytics/overview HTTP/1.1 304 - - 139.604 ms
::ffff:127.0.0.1 - GET /api/areas?district=6a48efaf37435412d50d967b&limit=500 HTTP/1.1 304 - - 8.936 ms
::1 - GET /api/districts HTTP/1.1 304 - - 8.927 ms
::1 - GET /api/areas HTTP/1.1 304 - - 172.465 ms
::1 - GET /api/districts HTTP/1.1 304 - - 46.787 ms
::1 - GET /api/areas HTTP/1.1 304 - - 130.675 ms
::1 - GET /api/areas/pincode/621701 HTTP/1.1 200 818 - 102.178 ms
::1 - POST /api/history HTTP/1.1 201 269 - 208.065 ms
::ffff:127.0.0.1 - GET /api/areas/pincode/621701 HTTP/1.1 304 - - 12.629 ms
::ffff:127.0.0.1 - GET /api/areas/pincode/621701 HTTP/1.1 304 - - 11.980 ms
::1 - GET /api/areas HTTP/1.1 304 - - 119.202 ms
::1 - GET /api/areas HTTP/1.1 304 - - 160.350 ms
::1 - GET /api/districts HTTP/1.1 304 - - 12.003 ms
::1 - GET /api/areas HTTP/1.1 304 - - 118.778 ms
::1 - GET /api/districts HTTP/1.1 304 - - 37.599 ms
::1 - GET /api/areas HTTP/1.1 304 - - 103.207 ms
::1 - GET /api/areas/pincode/621701 HTTP/1.1 304 - - 22.223 ms
::1 - GET /api/areas/pincode/621701 HTTP/1.1 304 - - 16.451 ms
::1 - GET /api/areas/pincode/621701 HTTP/1.1 304 - - 10.465 ms
::ffff:127.0.0.1 - GET /api/areas/pincode/621701 HTTP/1.1 304 - - 11.813 ms
::ffff:127.0.0.1 - GET /api/districts HTTP/1.1 304 - - 7.478 ms
::ffff:127.0.0.1 - GET /api/areas HTTP/1.1 304 - - 105.270 ms
::1 - GET /api/districts HTTP/1.1 304 - - 35.252 ms
::1 - GET /api/areas HTTP/1.1 304 - - 103.051 ms
::1 - GET /api/areas?district=6a48efaf37435412d50d967b&limit=500 HTTP/1.1 304 - - 17.707 ms
::1 - GET /api/explorer/categories?district=6a48efaf37435412d50d967b HTTP/1.1 304 - - 27.173 ms
::1 - GET /api/areas?district=6a48efaf37435412d50d967b&limit=500 HTTP/1.1 304 - - 49.192 ms
::1 - GET /api/explorer/categories?district=6a48efaf37435412d50d967b HTTP/1.1 304 - - 32.313 ms
::1 - GET /api/analytics/overview HTTP/1.1 304 - - 131.436 ms
::1 - GET /api/analytics/overview HTTP/1.1 304 - - 83.762 ms
::1 - GET /api/districts HTTP/1.1 304 - - 8.770 ms
::1 - GET /api/areas HTTP/1.1 304 - - 110.387 ms
::1 - GET /api/districts HTTP/1.1 304 - - 35.613 ms
::ffff:127.0.0.1 - GET /api/areas HTTP/1.1 304 - - 117.424 ms
::ffff:127.0.0.1 - GET /api/districts HTTP/1.1 304 - - 6.289 ms
::1 - GET /api/areas HTTP/1.1 304 - - 110.512 ms
::ffff:127.0.0.1 - GET /api/notifications?limit=1 HTTP/1.1 304 - - 18.879 ms
::1 - GET /api/areas HTTP/1.1 304 - - 155.272 ms
::1 - GET /api/notifications?limit=1 HTTP/1.1 304 - - 151.410 ms
::ffff:127.0.0.1 - GET /api/districts HTTP/1.1 304 - - 11.106 ms
::1 - GET /api/districts HTTP/1.1 304 - - 8.608 ms
::1 - GET /api/notifications?limit=1 HTTP/1.1 304 - - 77.321 ms
::1 - GET /api/areas HTTP/1.1 304 - - 101.453 ms
::1 - GET /api/districts HTTP/1.1 304 - - 36.253 ms
::1 - GET /api/notifications?limit=1 HTTP/1.1 304 - - 17.734 ms
::1 - GET /api/areas HTTP/1.1 304 - - 99.099 ms
::1 - GET /api/districts HTTP/1.1 304 - - 12.125 ms
::1 - GET /api/notifications?limit=1 HTTP/1.1 304 - - 120.841 ms
::1 - GET /api/areas HTTP/1.1 304 - - 290.768 ms
::1 - GET /api/districts HTTP/1.1 304 - - 60.781 ms
::1 - GET /api/notifications?limit=1 HTTP/1.1 304 - - 21.819 ms
::1 - GET /api/areas HTTP/1.1 304 - - 121.664 ms
::1 - GET /api/districts HTTP/1.1 304 - - 7.500 ms
::ffff:127.0.0.1 - GET /api/districts HTTP/1.1 304 - - 90.736 ms
::1 - GET /api/areas HTTP/1.1 304 - - 164.185 ms
::1 - GET /api/areas HTTP/1.1 304 - - 282.894 ms
::1 - POST /api/history HTTP/1.1 201 269 - 26.892 ms
::1 - GET /api/areas/pincode/621701 HTTP/1.1 304 - - 19.442 ms
::1 - GET /api/areas?district=6a48efaf37435412d50d967b&limit=500 HTTP/1.1 304 - - 14.522 ms
::1 - GET /api/analytics/overview HTTP/1.1 304 - - 107.320 ms
::1 - GET /api/explorer/categories?district=6a48efaf37435412d50d967b HTTP/1.1 304 - - 14.546 ms
::1 - GET /api/areas?district=6a48efaf37435412d50d967b&limit=500 HTTP/1.1 304 - - 8.670 ms
::1 - GET /api/explorer/categories?district=6a48efaf37435412d50d967b HTTP/1.1 304 - - 23.907 ms
::1 - GET /api/analytics/overview HTTP/1.1 304 - - 85.408 ms
::1 - GET /api/areas/pincode/621701 HTTP/1.1 304 - - 13.644 ms
::1 - GET /api/areas/pincode/621701 HTTP/1.1 304 - - 16.656 ms
::1 - GET /api/areas HTTP/1.1 304 - - 97.991 ms
::1 - GET /api/areas HTTP/1.1 304 - - 137.028 ms
::1 - GET /api/areas/pincode/621701 HTTP/1.1 304 - - 17.286 ms
::1 - GET /api/areas/pincode/621701 HTTP/1.1 304 - - 10.052 ms
::ffff:127.0.0.1 - GET /api/districts HTTP/1.1 304 - - 13.014 ms
::ffff:127.0.0.1 - GET /api/areas HTTP/1.1 304 - - 158.015 ms
::1 - GET /api/districts HTTP/1.1 304 - - 8.639 ms
::1 - GET /api/areas HTTP/1.1 304 - - 342.938 ms
::1 - GET /api/areas?district=6a48efaf37435412d50d967b&limit=500 HTTP/1.1 500 98 - 30008.935 ms
::1 - GET /api/analytics/overview HTTP/1.1 500 98 - 30010.118 ms
::1 - GET /api/explorer/categories?district=6a48efaf37435412d50d967b HTTP/1.1 500 98 - 30011.888 ms
::1 - GET /api/areas HTTP/1.1 500 98 - 30008.809 ms
::1 - GET /api/districts HTTP/1.1 500 98 - 30007.736 ms
::1 - GET /api/areas?district=6a48efaf37435412d50d967b&limit=500 HTTP/1.1 500 98 - 30011.456 ms
::1 - GET /api/analytics/overview HTTP/1.1 500 98 - 30008.308 ms
::1 - GET /api/explorer/categories?district=6a48efaf37435412d50d967b HTTP/1.1 500 98 - 30006.333 ms
::1 - GET /api/districts HTTP/1.1 500 98 - 30006.600 ms
::1 - GET /api/areas HTTP/1.1 500 98 - 30004.153 ms
MongoServerSelectionError: connect ECONNREFUSED ::1:27017, connect EADDRINUSE 127.0.0.1:27017
    at Topology.selectServer (C:\Users\MY\Documents\project-master (2)\project-master\backend\node_modules\mongodb\lib\sdam\topology.js:348:38)
    at runNextTicks (node:internal/process/task_queues:65:5)
    at listOnTimeout (node:internal/timers:555:9)
    at process.processTimers (node:internal/timers:529:7)
    at async executeOperationWithRetries (C:\Users\MY\Documents\project-master (2)\project-master\backend\node_modules\mongodb\lib\operations\execute_operation.js:157:18)
    at async executeOperation (C:\Users\MY\Documents\project-master (2)\project-master\backend\node_modules\mongodb\lib\operations\execute_operation.js:83:16)
    at async FindCursor._initialize (C:\Users\MY\Documents\project-master (2)\project-master\backend\node_modules\mongodb\lib\cursor\find_cursor.js:62:26)
    at async FindCursor.cursorInit (C:\Users\MY\Documents\project-master (2)\project-master\backend\node_modules\mongodb\lib\cursor\abstract_cursor.js:620:27)
    at async FindCursor.fetchBatch (C:\Users\MY\Documents\project-master (2)\project-master\backend\node_modules\mongodb\lib\cursor\abstract_cursor.js:654:13)
    at async FindCursor.next (C:\Users\MY\Documents\project-master (2)\project-master\backend\node_modules\mongodb\lib\cursor\abstract_cursor.js:326:17) {
  errorLabelSet: Set(0) {},
  reason: TopologyDescription {
    type: 'Single',
    servers: Map(1) { 'localhost:27017' => [ServerDescription] },
    stale: false,
    compatible: true,
    heartbeatFrequencyMS: 10000,
    localThresholdMS: 15,
    setName: null,
    maxElectionId: null,
    maxSetVersion: null,
    commonWireVersion: 25,
    logicalSessionTimeoutMinutes: null
  },
  code: undefined,
  [cause]: MongoNetworkError: connect ECONNREFUSED ::1:27017, connect EADDRINUSE 127.0.0.1:27017
      at Socket.<anonymous> (C:\Users\MY\Documents\project-master (2)\project-master\backend\node_modules\mongodb\lib\cmap\connect.js:314:44)
      at Object.onceWrapper (node:events:633:26)
      at Socket.emit (node:events:518:28)
      at emitErrorNT (node:internal/streams/destroy:170:8)
      at emitErrorCloseNT (node:internal/streams/destroy:129:3)
      at process.processTicksAndRejections (node:internal/process/task_queues:90:21) {
    errorLabelSet: Set(3) { 'SystemOverloadedError', 'RetryableError', 'ResetPool' },
    beforeHandshake: false,
    [cause]: AggregateError [ECONNREFUSED]: 
        at internalConnectMultiple (node:net:1121:18)
        at afterConnectMultiple (node:net:1688:7) {
      code: 'ECONNREFUSED',
      [errors]: [Array]
    }
  }
}
::1 - GET /api/notifications?limit=1 HTTP/1.1 401 58 - 30035.249 ms
::1 - GET /api/districts HTTP/1.1 500 96 - 30032.017 ms
::1 - GET /api/areas HTTP/1.1 500 96 - 30030.955 ms
::1 - GET /api/areas?district=6a48efaf37435412d50d967b&limit=500 HTTP/1.1 500 98 - 30017.976 ms
::1 - GET /api/analytics/overview HTTP/1.1 500 98 - 30017.882 ms
::1 - GET /api/explorer/categories?district=6a48efaf37435412d50d967b HTTP/1.1 500 98 - 30018.146 ms

Node.js v22.11.0
